// Jest Snapshot v1, https://goo.gl/fbAQLP

exports[`Tests for <Filter /> component Should match the snapshot 1`] = `
Array [
  <section
    className="side-menu"
  >
    <div
      className="menu-btn-container"
    >
      <button
        className="btn-menu"
        onClick={[Function]}
        type="button"
      >
        <svg
          color="#fff"
          fill="currentColor"
          height={26}
          stroke="currentColor"
          strokeWidth="0"
          style={
            Object {
              "color": "#fff",
            }
          }
          viewBox="0 0 1024 1024"
          width={26}
          xmlns="http://www.w3.org/2000/svg"
        >
          <path
            d="M512 64C264.6 64 64 264.6 64 512s200.6 448 448 448 448-200.6 448-448S759.4 64 512 64zm165.4 618.2l-66-.3L512 563.4l-99.3 118.4-66.1.3c-4.4 0-8-3.5-8-8 0-1.9.7-3.7 1.9-5.2l130.1-155L340.5 359a8.32 8.32 0 0 1-1.9-5.2c0-4.4 3.6-8 8-8l66.1.3L512 464.6l99.3-118.4 66-.3c4.4 0 8 3.5 8 8 0 1.9-.7 3.7-1.9 5.2L553.5 514l130 155c1.2 1.5 1.9 3.3 1.9 5.2 0 4.4-3.6 8-8 8z"
          />
        </svg>
      </button>
    </div>
    <ul
      className="side-teams"
      data-testid="side-container"
    >
      <li
        className="side-menu-item"
        style={
          Object {
            "background": "linear-gradient(90deg,  #1e1e1e 1%, #1e1e1e, 90%, #1e1e1e 99%)",
          }
        }
      >
        <button
          onClick={[Function]}
          type="button"
        >
          <a
            className="side-link"
            href="/team/1"
            onClick={[Function]}
          >
            <h3>
              ATL
            </h3>
            <p>
              Hawks
            </p>
            <div
              className="team-logo"
            >
              <div
                className="hidden-text"
              >
                <h3>
                  ATL
                </h3>
                <p>
                  Hawks
                </p>
              </div>
              <img
                alt="Hawks-logo"
                src="https://upload.wikimedia.org/wikipedia/fr/thumb/6/…on_logo.svg/1024px-Celtics_de_Boston_logo.svg.png"
              />
            </div>
          </a>
        </button>
      </li>
      <li
        className="side-menu-item"
        style={
          Object {
            "background": "linear-gradient(90deg,  #1e1e1e 1%, #1e1e1e, 90%, #1e1e1e 99%)",
          }
        }
      >
        <button
          onClick={[Function]}
          type="button"
        >
          <a
            className="side-link"
            href="/team/2"
            onClick={[Function]}
          >
            <h3>
              ATL
            </h3>
            <p>
              Hawks
            </p>
            <div
              className="team-logo"
            >
              <div
                className="hidden-text"
              >
                <h3>
                  ATL
                </h3>
                <p>
                  Hawks
                </p>
              </div>
              <img
                alt="Hawks-logo"
                src="https://upload.wikimedia.org/wikipedia/fr/thumb/6/…on_logo.svg/1024px-Celtics_de_Boston_logo.svg.png"
              />
            </div>
          </a>
        </button>
      </li>
    </ul>
  </section>,
  <section
    className="navbar"
  >
    <div
      className="menu-btn-container"
    >
      <button
        className="btn-menu"
        onClick={[Function]}
        type="button"
      >
        <svg
          color="#fff"
          fill="currentColor"
          height={26}
          stroke="currentColor"
          strokeWidth="0"
          style={
            Object {
              "color": "#fff",
            }
          }
          viewBox="0 0 1024 1024"
          width={26}
          xmlns="http://www.w3.org/2000/svg"
        >
          <path
            d="M904 160H120c-4.4 0-8 3.6-8 8v64c0 4.4 3.6 8 8 8h784c4.4 0 8-3.6 8-8v-64c0-4.4-3.6-8-8-8zm0 624H120c-4.4 0-8 3.6-8 8v64c0 4.4 3.6 8 8 8h784c4.4 0 8-3.6 8-8v-64c0-4.4-3.6-8-8-8zm0-312H120c-4.4 0-8 3.6-8 8v64c0 4.4 3.6 8 8 8h784c4.4 0 8-3.6 8-8v-64c0-4.4-3.6-8-8-8z"
          />
        </svg>
      </button>
    </div>
    <h4>
      NBA SEASON 2022 - 2023
    </h4>
    <div
      className="menu-btn-container"
    >
      <a
        aria-current="page"
        className="active"
        href="/"
        onClick={[Function]}
      >
        <button
          className="btn-menu"
          type="button"
        >
          <svg
            color="#fff"
            fill="currentColor"
            height={26}
            stroke="currentColor"
            strokeWidth="0"
            style={
              Object {
                "color": "#fff",
              }
            }
            viewBox="0 0 1024 1024"
            width={26}
            xmlns="http://www.w3.org/2000/svg"
          >
            <path
              d="M946.5 505L560.1 118.8l-25.9-25.9a31.5 31.5 0 0 0-44.4 0L77.5 505a63.9 63.9 0 0 0-18.8 46c.4 35.2 29.7 63.3 64.9 63.3h42.5V940h691.8V614.3h43.4c17.1 0 33.2-6.7 45.3-18.8a63.6 63.6 0 0 0 18.7-45.3c0-17-6.7-33.1-18.8-45.2zM568 868H456V664h112v204zm217.9-325.7V868H632V640c0-22.1-17.9-40-40-40H432c-22.1 0-40 17.9-40 40v228H238.1V542.3h-96l370-369.7 23.1 23.1L882 542.3h-96.1z"
            />
          </svg>
        </button>
      </a>
    </div>
  </section>,
  <section>
    <h1
      className="subtitle"
    >
      Last matches
    </h1>
    <div
      className="matches-list"
    >
      <button
        className="match-card"
        onClick={[Function]}
        type="button"
      >
        <h2
          className="match-status"
        >
          Finished
        </h2>
        <div
          className="vs"
        >
          <div
            className="home"
          >
            <img
              alt="ATL-logo"
              className="match-icon"
              src="https://upload.wikimedia.org/wikipedia/fr/thumb/6/…on_logo.svg/1024px-Celtics_de_Boston_logo.svg.png"
            />
            <h2>
              123
            </h2>
            <h3>
              ATL
            </h3>
          </div>
          <div
            className="visitor"
          >
            <img
              alt="ATL-logo"
              className="match-icon"
              src="https://upload.wikimedia.org/wikipedia/fr/thumb/6/…on_logo.svg/1024px-Celtics_de_Boston_logo.svg.png"
            />
            <h2>
              123
            </h2>
            <h3>
              ATL
            </h3>
          </div>
        </div>
      </button>
      <button
        className="match-card pair"
        onClick={[Function]}
        type="button"
      >
        <h2
          className="match-status"
        >
          Finished
        </h2>
        <div
          className="vs"
        >
          <div
            className="home"
          >
            <img
              alt="ATL-logo"
              className="match-icon"
              src="https://upload.wikimedia.org/wikipedia/fr/thumb/6/…on_logo.svg/1024px-Celtics_de_Boston_logo.svg.png"
            />
            <h2>
              123
            </h2>
            <h3>
              ATL
            </h3>
          </div>
          <div
            className="visitor"
          >
            <img
              alt="ATL-logo"
              className="match-icon"
              src="https://upload.wikimedia.org/wikipedia/fr/thumb/6/…on_logo.svg/1024px-Celtics_de_Boston_logo.svg.png"
            />
            <h2>
              123
            </h2>
            <h3>
              ATL
            </h3>
          </div>
        </div>
      </button>
    </div>
  </section>,
  <section>
    <h1
      className="subtitle"
    >
      Comming matches
    </h1>
    <div
      className="matches-list"
    >
      <button
        className="match-card pair"
        onClick={[Function]}
        type="button"
      >
        <h2
          className="match-status"
        >
          Finished
        </h2>
        <div
          className="vs"
        >
          <div
            className="home"
          >
            <img
              alt="ATL-logo"
              className="match-icon"
              src="https://upload.wikimedia.org/wikipedia/fr/thumb/6/…on_logo.svg/1024px-Celtics_de_Boston_logo.svg.png"
            />
            <h2>
              123
            </h2>
            <h3>
              ATL
            </h3>
          </div>
          <div
            className="visitor"
          >
            <img
              alt="ATL-logo"
              className="match-icon"
              src="https://upload.wikimedia.org/wikipedia/fr/thumb/6/…on_logo.svg/1024px-Celtics_de_Boston_logo.svg.png"
            />
            <h2>
              123
            </h2>
            <h3>
              ATL
            </h3>
          </div>
        </div>
      </button>
      <button
        className="match-card"
        onClick={[Function]}
        type="button"
      >
        <h2
          className="match-status"
        >
          Finished
        </h2>
        <div
          className="vs"
        >
          <div
            className="home"
          >
            <img
              alt="ATL-logo"
              className="match-icon"
              src="https://upload.wikimedia.org/wikipedia/fr/thumb/6/…on_logo.svg/1024px-Celtics_de_Boston_logo.svg.png"
            />
            <h2>
              123
            </h2>
            <h3>
              ATL
            </h3>
          </div>
          <div
            className="visitor"
          >
            <img
              alt="ATL-logo"
              className="match-icon"
              src="https://upload.wikimedia.org/wikipedia/fr/thumb/6/…on_logo.svg/1024px-Celtics_de_Boston_logo.svg.png"
            />
            <h2>
              123
            </h2>
            <h3>
              ATL
            </h3>
          </div>
        </div>
      </button>
    </div>
  </section>,
]
`;
